
> wbcd <- read.csv('https://raw.githubusercontent.com/PacktPublishing/Machine-Learning-with-R-Third-Edition/master/Chapter03/wisc_bc_data.csv',stringsAsFactors = FALSE);
> wbcd
           id diagnosis radius_mean texture_mean perimeter_mean area_mean smoothness_mean compactness_mean concavity_mean
1    87139402         B      12.320        12.39          78.85     464.1         0.10280          0.06981      0.0398700
2     8910251         B      10.600        18.95          69.28     346.4         0.09688          0.11470      0.0638700
3      905520         B      11.040        16.83          70.92     373.2         0.10770          0.07804      0.0304600
4      868871         B      11.280        13.39          73.00     384.8         0.11640          0.11360      0.0463500
5     9012568         B      15.190        13.21          97.65     711.8         0.07963          0.06934      0.0339300
6      906539         B      11.570        19.04          74.20     409.7         0.08546          0.07722      0.0548500
7      925291         B      11.510        23.93          74.52     403.5         0.09261          0.10210      0.1112000
8       87880         M      13.810        23.75          91.56     597.8         0.13230          0.17680      0.1558000
9      862989         B      10.490        19.29          67.41     336.1         0.09989          0.08578      0.0299500
10      89827         B      11.060        14.96          71.49     373.9         0.10330          0.09097      0.0539700
11      91485         M      20.590        21.24         137.80    1320.0         0.10850          0.16440      0.2188000
12    8711003         B      12.250        17.94          78.27     460.3         0.08654          0.06679      0.0388500
13    9113455         B      13.140        20.74          85.98     536.9         0.08675          0.10890      0.1085000
14     857810         B      13.050        19.31          82.61     527.2         0.08060          0.03789      0.0006920
15    9111805         M      19.590        25.00         127.70    1191.0         0.10320          0.09871      0.1655000
16     925277         B      14.590        22.68          96.39     657.1         0.08473          0.13300      0.1029000
17     867387         B      15.710        13.93         102.00     761.7         0.09462          0.09462      0.0713500
18   89511502         B      12.670        17.30          81.25     489.9         0.10280          0.07664      0.0319300
19   89263202         M      20.090        23.86         134.70    1247.0         0.10800          0.18380      0.2283000
20     866714         B      12.190        13.29          79.08     455.8         0.10660          0.09509      0.0285500
21     874373         B      11.710        17.19          74.68     420.3         0.09774          0.06141      0.0380900
22     919812         B      11.690        24.44          76.37     406.4         0.12360          0.15520      0.0451500
23     904971         B      10.940        18.59          70.39     370.0         0.10040          0.07460      0.0494400
24     866458         B      15.100        16.39          99.58     674.5         0.11500          0.18070      0.1138000
25     864292         B      10.510        20.19          68.64     334.2         0.11220          0.13030      0.0647600
26     859983         M      13.800        15.79          90.43     584.1         0.10070          0.12800      0.0778900
27     862009         B      13.450        18.30          86.60     555.1         0.10220          0.08165      0.0397400
28     852973         M      15.300        25.27         102.40     732.4         0.10820          0.16970      0.1683000
29     898143         B       9.606        16.84          61.64     280.5         0.08481          0.09228      0.0842200
30    9010877         B      13.400        16.95          85.48     552.4         0.07937          0.05696      0.0218100
31     893548         B      13.050        13.84          82.71     530.6         0.08352          0.03735      0.0045590
    points_mean symmetry_mean dimension_mean radius_se texture_se perimeter_se area_se smoothness_se compactness_se concavity_se
1      0.037000        0.1959        0.05955    0.2360     0.6656       1.6700  17.430      0.008045       0.011800    0.0168300
2      0.026420        0.1922        0.06491    0.4505     1.1970       3.4300  27.100      0.007470       0.035810    0.0335400
3      0.024800        0.1714        0.06340    0.1967     1.3870       1.3420  13.540      0.005158       0.009355    0.0105600
4      0.047960        0.1771        0.06072    0.3384     1.3430       1.8510  26.330      0.011270       0.034980    0.0218700
5      0.026570        0.1721        0.05544    0.1783     0.4125       1.3380  17.720      0.005012       0.014850    0.0155100
6      0.014280        0.2031        0.06267    0.2864     1.4400       2.2060  20.300      0.007278       0.020470    0.0444700
7      0.041050        0.1388        0.06570    0.2388     2.9040       1.9360  16.970      0.008200       0.029820    0.0573800
8      0.091760        0.2251        0.07421    0.5648     1.9300       3.9090  52.720      0.008824       0.031080    0.0311200
9      0.012010        0.2217        0.06481    0.3550     1.5340       2.3020  23.130      0.007595       0.022190    0.0288000
10     0.033410        0.1776        0.06907    0.1601     0.8225       1.3550  10.800      0.007416       0.018770    0.0275800
11     0.112100        0.1848        0.06222    0.5904     1.2160       4.2060  75.090      0.006666       0.027910    0.0406200
12     0.023310        0.1970        0.06228    0.2200     0.9823       1.4840  16.510      0.005518       0.015620    0.0199400
13     0.035100        0.1562        0.06020    0.3152     0.7884       2.3120  27.400      0.007295       0.031790    0.0461500
14     0.004167        0.1819        0.05501    0.4040     1.2140       2.5950  32.960      0.007491       0.008593    0.0006920
15     0.090630        0.1663        0.05391    0.4674     1.3750       2.9160  56.180      0.011900       0.019290    0.0490700
16     0.037360        0.1454        0.06147    0.2254     1.1080       2.2240  19.540      0.004242       0.046390    0.0657800
17     0.059330        0.1816        0.05723    0.3117     0.8155       1.9720  27.940      0.005217       0.015150    0.0167800
18     0.021070        0.1707        0.05984    0.2100     0.9505       1.5660  17.610      0.006809       0.009514    0.0132900
19     0.128000        0.2249        0.07469    1.0720     1.7430       7.8040 130.800      0.007964       0.047320    0.0764900
20     0.028820        0.1880        0.06471    0.2005     0.8163       1.9730  15.240      0.006773       0.024560    0.0101800
21     0.032390        0.1516        0.06095    0.2451     0.7655       1.7420  17.860      0.006905       0.008704    0.0197800
22     0.045310        0.2131        0.07405    0.2957     1.9780       2.1580  20.950      0.012880       0.034950    0.0186500
23     0.029320        0.1486        0.06615    0.3796     1.7430       3.0180  25.780      0.009519       0.021340    0.0199000
24     0.085340        0.2001        0.06467    0.4309     1.0680       2.7960  39.840      0.009006       0.041850    0.0320400
25     0.030680        0.1922        0.07782    0.3336     1.8600       2.0410  19.910      0.011880       0.037470    0.0459100
26     0.050690        0.1662        0.06566    0.2787     0.6205       1.9570  23.350      0.004717       0.020650    0.0175900
27     0.027800        0.1638        0.05710    0.2950     1.3730       2.0990  25.220      0.005884       0.014910    0.0187200
28     0.087510        0.1926        0.06540    0.4390     1.0120       3.4980  43.500      0.005233       0.030570    0.0357600
29     0.022920        0.2036        0.07125    0.1844     0.9429       1.4290  12.070      0.005954       0.034710    0.0502800
30     0.014730        0.1650        0.05701    0.1584     0.6124       1.0360  13.220      0.004394       0.012500    0.0145100
31     0.008829        0.1453        0.05518    0.3975     0.8285       2.5670  33.010      0.004148       0.004711    0.0028310
    points_se symmetry_se dimension_se radius_worst texture_worst perimeter_worst area_worst smoothness_worst compactness_worst
1    0.012410    0.019240    0.0022480       13.500         15.64           86.97      549.1          0.13850           0.12660
2    0.013650    0.035040    0.0033180       11.880         22.94           78.28      424.8          0.12130           0.25150
3    0.007483    0.017180    0.0021980       12.410         26.44           79.93      471.4          0.13690           0.14820
4    0.019650    0.015800    0.0034420       11.920         15.77           76.53      434.0          0.13670           0.18220
5    0.009155    0.016470    0.0017670       16.200         15.73          104.50      819.1          0.11260           0.17370
6    0.008799    0.018680    0.0033390       13.070         26.98           86.43      520.5          0.12490           0.19370
7    0.012670    0.014880    0.0047380       12.480         37.16           82.28      474.2          0.12980           0.25170
8    0.012910    0.019980    0.0045060       19.200         41.85          128.50     1153.0          0.22260           0.52090
9    0.008614    0.027100    0.0034510       11.540         23.31           74.22      402.8          0.12190           0.14860
10   0.010100    0.023480    0.0029170       11.920         19.90           79.76      440.0          0.14180           0.22100
11   0.014790    0.011170    0.0037270       23.860         30.76          163.20     1760.0          0.14640           0.35970
12   0.007924    0.017990    0.0024840       13.590         25.22           86.60      564.2          0.12170           0.17880
13   0.012540    0.015610    0.0032300       14.800         25.46          100.90      689.1          0.13510           0.35490
14   0.004167    0.021900    0.0029900       14.230         22.25           90.24      624.1          0.10210           0.06191
15   0.014990    0.016410    0.0018070       21.440         30.96          139.80     1421.0          0.15280           0.18450
16   0.016060    0.016380    0.0044060       15.480         27.27          105.90      733.5          0.10260           0.31710
17   0.012680    0.016690    0.0023300       17.500         19.25          114.30      922.8          0.12230           0.19490
18   0.006474    0.020570    0.0017840       13.710         21.10           88.70      574.4          0.13840           0.12120
19   0.019360    0.027360    0.0059280       23.680         29.43          158.80     1696.0          0.13470           0.33910
20   0.008094    0.026620    0.0041430       13.340         17.81           91.38      545.2          0.14270           0.25850
21   0.011850    0.018970    0.0016710       13.010         21.39           84.42      521.5          0.13230           0.10400
22   0.017660    0.015600    0.0058240       12.980         32.19           86.12      487.7          0.17680           0.32510
23   0.011550    0.020790    0.0027010       12.400         25.58           82.76      472.4          0.13630           0.16440
24   0.022580    0.023530    0.0049840       16.110         18.33          105.90      762.6          0.13860           0.28830
25   0.015440    0.022870    0.0067920       11.160         22.75           72.62      374.4          0.13000           0.20490
26   0.009206    0.012200    0.0031300       16.570         20.86          110.30      812.4          0.14110           0.35420
27   0.009366    0.018840    0.0018170       15.100         25.94           97.59      699.4          0.13390           0.17510
28   0.010830    0.017680    0.0029670       20.270         36.71          149.30     1269.0          0.16410           0.61100
29   0.008510    0.017500    0.0040310       10.750         23.07           71.25      353.6          0.12330           0.34160
30   0.005484    0.012910    0.0020740       14.730         21.70           93.76      663.5          0.12130           0.16760
31   0.004821    0.014220    0.0022730       14.730         17.40           93.96      672.4          0.10160           0.05847
    concavity_worst points_worst symmetry_worst dimension_worst
1          0.124200     0.093910         0.2827         0.06771
2          0.191600     0.079260         0.2940         0.07587
3          0.106700     0.074310         0.2998         0.07881
4          0.086690     0.086110         0.2102         0.06784
5          0.136200     0.081780         0.2487         0.06766
6          0.256000     0.066640         0.3035         0.08284
7          0.363000     0.096530         0.2112         0.08732
8          0.464600     0.201300         0.4432         0.10860
9          0.079870     0.032030         0.2826         0.07552
10         0.229900     0.107500         0.3301         0.09080
11         0.517900     0.211300         0.2480         0.08999
12         0.194300     0.082110         0.3113         0.08132
13         0.450400     0.118100         0.2563         0.08174
14         0.001845     0.011110         0.2439         0.06289
15         0.397700     0.146600         0.2293         0.06091
16         0.366200     0.110500         0.2258         0.08004
17         0.170900     0.137400         0.2723         0.07071
18         0.102000     0.056020         0.2688         0.06888
19         0.493200     0.192300         0.3294         0.09469
20         0.099150     0.081870         0.3469         0.09241
21         0.152100     0.109900         0.2572         0.07097
22         0.139500     0.130800         0.2803         0.09970
23         0.141200     0.078870         0.2251         0.07732
24         0.196000     0.142300         0.2590         0.07779
25         0.129500     0.061360         0.2383         0.09026
26         0.277900     0.138300         0.2589         0.10300
27         0.138100     0.079110         0.2678         0.06603
28         0.633500     0.202400         0.4027         0.09876
29         0.434100     0.081200         0.2982         0.09825
30         0.136400     0.069870         0.2741         0.07582
31         0.018240     0.035320         0.2107         0.06580
 [ reached getOption("max.print") -- omitted 538 rows ]
> str(wbcd)
'data.frame':	569 obs. of  32 variables:
 $ id               : int  87139402 8910251 905520 868871 9012568 906539 925291 87880 862989 89827 ...
 $ diagnosis        : chr  "B" "B" "B" "B" ...
 $ radius_mean      : num  12.3 10.6 11 11.3 15.2 ...
 $ texture_mean     : num  12.4 18.9 16.8 13.4 13.2 ...
 $ perimeter_mean   : num  78.8 69.3 70.9 73 97.7 ...
 $ area_mean        : num  464 346 373 385 712 ...
 $ smoothness_mean  : num  0.1028 0.0969 0.1077 0.1164 0.0796 ...
 $ compactness_mean : num  0.0698 0.1147 0.078 0.1136 0.0693 ...
 $ concavity_mean   : num  0.0399 0.0639 0.0305 0.0464 0.0339 ...
 $ points_mean      : num  0.037 0.0264 0.0248 0.048 0.0266 ...
 $ symmetry_mean    : num  0.196 0.192 0.171 0.177 0.172 ...
 $ dimension_mean   : num  0.0595 0.0649 0.0634 0.0607 0.0554 ...
 $ radius_se        : num  0.236 0.451 0.197 0.338 0.178 ...
 $ texture_se       : num  0.666 1.197 1.387 1.343 0.412 ...
 $ perimeter_se     : num  1.67 3.43 1.34 1.85 1.34 ...
 $ area_se          : num  17.4 27.1 13.5 26.3 17.7 ...
 $ smoothness_se    : num  0.00805 0.00747 0.00516 0.01127 0.00501 ...
 $ compactness_se   : num  0.0118 0.03581 0.00936 0.03498 0.01485 ...
 $ concavity_se     : num  0.0168 0.0335 0.0106 0.0219 0.0155 ...
 $ points_se        : num  0.01241 0.01365 0.00748 0.01965 0.00915 ...
 $ symmetry_se      : num  0.0192 0.035 0.0172 0.0158 0.0165 ...
 $ dimension_se     : num  0.00225 0.00332 0.0022 0.00344 0.00177 ...
 $ radius_worst     : num  13.5 11.9 12.4 11.9 16.2 ...
 $ texture_worst    : num  15.6 22.9 26.4 15.8 15.7 ...
 $ perimeter_worst  : num  87 78.3 79.9 76.5 104.5 ...
 $ area_worst       : num  549 425 471 434 819 ...
 $ smoothness_worst : num  0.139 0.121 0.137 0.137 0.113 ...
 $ compactness_worst: num  0.127 0.252 0.148 0.182 0.174 ...
 $ concavity_worst  : num  0.1242 0.1916 0.1067 0.0867 0.1362 ...
 $ points_worst     : num  0.0939 0.0793 0.0743 0.0861 0.0818 ...
 $ symmetry_worst   : num  0.283 0.294 0.3 0.21 0.249 ...
 $ dimension_worst  : num  0.0677 0.0759 0.0788 0.0678 0.0677 ...
> wbcd <- wbcd[-1]
> str(wbcd)
'data.frame':	569 obs. of  31 variables:
 $ diagnosis        : chr  "B" "B" "B" "B" ...
 $ radius_mean      : num  12.3 10.6 11 11.3 15.2 ...
 $ texture_mean     : num  12.4 18.9 16.8 13.4 13.2 ...
 $ perimeter_mean   : num  78.8 69.3 70.9 73 97.7 ...
 $ area_mean        : num  464 346 373 385 712 ...
 $ smoothness_mean  : num  0.1028 0.0969 0.1077 0.1164 0.0796 ...
 $ compactness_mean : num  0.0698 0.1147 0.078 0.1136 0.0693 ...
 $ concavity_mean   : num  0.0399 0.0639 0.0305 0.0464 0.0339 ...
 $ points_mean      : num  0.037 0.0264 0.0248 0.048 0.0266 ...
 $ symmetry_mean    : num  0.196 0.192 0.171 0.177 0.172 ...
 $ dimension_mean   : num  0.0595 0.0649 0.0634 0.0607 0.0554 ...
 $ radius_se        : num  0.236 0.451 0.197 0.338 0.178 ...
 $ texture_se       : num  0.666 1.197 1.387 1.343 0.412 ...
 $ perimeter_se     : num  1.67 3.43 1.34 1.85 1.34 ...
 $ area_se          : num  17.4 27.1 13.5 26.3 17.7 ...
 $ smoothness_se    : num  0.00805 0.00747 0.00516 0.01127 0.00501 ...
 $ compactness_se   : num  0.0118 0.03581 0.00936 0.03498 0.01485 ...
 $ concavity_se     : num  0.0168 0.0335 0.0106 0.0219 0.0155 ...
 $ points_se        : num  0.01241 0.01365 0.00748 0.01965 0.00915 ...
 $ symmetry_se      : num  0.0192 0.035 0.0172 0.0158 0.0165 ...
 $ dimension_se     : num  0.00225 0.00332 0.0022 0.00344 0.00177 ...
 $ radius_worst     : num  13.5 11.9 12.4 11.9 16.2 ...
 $ texture_worst    : num  15.6 22.9 26.4 15.8 15.7 ...
 $ perimeter_worst  : num  87 78.3 79.9 76.5 104.5 ...
 $ area_worst       : num  549 425 471 434 819 ...
 $ smoothness_worst : num  0.139 0.121 0.137 0.137 0.113 ...
 $ compactness_worst: num  0.127 0.252 0.148 0.182 0.174 ...
 $ concavity_worst  : num  0.1242 0.1916 0.1067 0.0867 0.1362 ...
 $ points_worst     : num  0.0939 0.0793 0.0743 0.0861 0.0818 ...
 $ symmetry_worst   : num  0.283 0.294 0.3 0.21 0.249 ...
 $ dimension_worst  : num  0.0677 0.0759 0.0788 0.0678 0.0677 ...
> table(wbcd$diagnosis)

  B   M 
357 212 
> wbcd$diagnosis <- factor(wbcd$diagnosis,levels=c('B','M'),labels=c('Benign','Malignant'))
> round(prop.table(table(wbcd$diagnosis))*100,digits=1)

   Benign Malignant 
     62.7      37.3 
> summary(wbcd[c('radius_mean','area_mean','smoothness_meam')])
Error in `[.data.frame`(wbcd, c("radius_mean", "area_mean", "smoothness_meam")) : 
  undefined columns selected
> summary(wbcd[c('radius_mean','area_mean','smoothness_mean')])
  radius_mean       area_mean      smoothness_mean  
 Min.   : 6.981   Min.   : 143.5   Min.   :0.05263  
 1st Qu.:11.700   1st Qu.: 420.3   1st Qu.:0.08637  
 Median :13.370   Median : 551.1   Median :0.09587  
 Mean   :14.127   Mean   : 654.9   Mean   :0.09636  
 3rd Qu.:15.780   3rd Qu.: 782.7   3rd Qu.:0.10530  
 Max.   :28.110   Max.   :2501.0   Max.   :0.16340  
> normaize <- function(x){return ((x - min(x))/(max(x) - min(x)))}
> normaize(c(1,2,3,4,5))
[1] 0.00 0.25 0.50 0.75 1.00
> normaize(c(10,20,30,40,50))
[1] 0.00 0.25 0.50 0.75 1.00
> wbcd_n <- as.data.frame(lapply(wbcd[2:31],normaize))
> wbcd_n
    radius_mean texture_mean perimeter_mean  area_mean smoothness_mean compactness_mean concavity_mean points_mean symmetry_mean
1    0.25268588   0.09063240     0.24227766 0.13599152      0.45292047       0.15468376    0.093416120 0.183896620    0.45404040
2    0.17128118   0.31247886     0.17614539 0.08606575      0.39947639       0.29237470    0.149648547 0.131312127    0.43535354
3    0.19210564   0.24078458     0.18747841 0.09743372      0.49715627       0.17992761    0.071368322 0.123260437    0.33030303
4    0.20346443   0.12445046     0.20185198 0.10235419      0.57569739       0.28900067    0.108598875 0.238369781    0.35909091
5    0.38851815   0.11836321     0.37219266 0.24106045      0.24374831       0.15324213    0.079498594 0.132057654    0.33383838
6    0.21718964   0.31552249     0.21014443 0.11291622      0.29637989       0.17741243    0.128514527 0.070974155    0.49040404
7    0.21434995   0.48089280     0.21235575 0.11028632      0.36092805       0.25372677    0.260543580 0.204025845    0.16565657
8    0.32320507   0.47480555     0.33010849 0.19270414      0.71923806       0.48285381    0.365042174 0.456063618    0.60151515
9    0.16607506   0.32397700     0.16322300 0.08169671      0.42664981       0.20366849    0.070173383 0.059691849    0.58434343
10   0.19305220   0.17754481     0.19141732 0.09773065      0.45743432       0.21958776    0.126452671 0.166053678    0.36161616
11   0.64409106   0.38992222     0.64964412 0.49904560      0.50437844       0.44481934    0.512652296 0.557157058    0.39797980
12   0.24937290   0.27832262     0.23826964 0.13437964      0.30612982       0.14542053    0.091026242 0.115854871    0.45959596
13   0.29149510   0.37301319     0.29154861 0.16687169      0.30802564       0.27458438    0.254217432 0.174453280    0.25353535
14   0.28723555   0.32465336     0.26826066 0.16275716      0.25250519       0.05677566    0.001621368 0.020710736    0.38333333
15   0.59676274   0.51707812     0.57984935 0.44432662      0.45653155       0.24332863    0.387769447 0.450447316    0.30454545
16   0.36012116   0.43862022     0.36348559 0.21785790      0.28978965       0.34850623    0.241096532 0.185685885    0.19898990
17   0.41312888   0.14271221     0.40225278 0.26222694      0.37907376       0.23078339    0.167174321 0.294880716    0.38181818
18   0.26925079   0.25667907     0.25886255 0.14693531      0.45292047       0.17563340    0.074812559 0.104721670    0.32676768
19   0.62042690   0.47852553     0.62822196 0.46808059      0.49986458       0.50432489    0.534910965 0.636182903    0.60050505
20   0.24653320   0.12106865     0.24386704 0.13247084      0.48722578       0.23222502    0.066893158 0.143240557    0.41414141
21   0.22381561   0.25295908     0.21346141 0.11741251      0.40724023       0.12891847    0.089245548 0.160984095    0.23030303
22   0.22286904   0.49814001     0.22513994 0.11151644      0.64069694       0.41660021    0.105787254 0.225198807    0.54090909
23   0.18737281   0.30030436     0.18381591 0.09607635      0.43125395       0.16937611    0.115838800 0.145725646    0.21515152
24   0.38425860   0.22590463     0.38552968 0.22523860      0.56305859       0.49481627    0.266635426 0.424155070    0.47525253
25   0.16702163   0.35441326     0.17172276 0.08089077      0.53778099       0.34022453    0.151733833 0.152485089    0.43535354
26   0.32273179   0.20561380     0.32229977 0.18689290      0.43396226       0.33316974    0.182497657 0.251938370    0.30404040
27   0.30616688   0.29049713     0.29583305 0.17459173      0.44750384       0.19100055    0.093111528 0.138170974    0.29191919
28   0.39372427   0.52620900     0.40501693 0.24979852      0.50167013       0.46107601    0.394329897 0.434940358    0.43737374
29   0.12423683   0.24112276     0.12335015 0.05811241      0.29051187       0.22360591    0.197328960 0.113916501    0.49292929
30   0.30380046   0.24484275     0.28809343 0.17344645      0.24140110       0.11526900    0.051101218 0.073210736    0.29797980
31   0.28723555   0.13966858     0.26895170 0.16419936      0.27886612       0.05511932    0.010681818 0.043881710    0.19848485
32   0.27398362   0.43151843     0.26211043 0.15389183      0.34233096       0.11726274    0.110379569 0.134393638    0.26515152
33   0.50257939   0.46060196     0.51972911 0.35503712      0.36345581       0.55524201    0.500468604 0.498011928    0.32121212
    dimension_mean   radius_se   texture_se perimeter_se      area_se smoothness_se compactness_se concavity_se  points_se
1      0.201979781 0.045084193 0.0674946959 0.0430193658 0.0198506532    0.21524969    0.071709676  0.042500000 0.23508240
2      0.314869419 0.122759370 0.1849363508 0.1259482637 0.0379119832    0.19570316    0.252035329  0.084696970 0.25857170
3      0.283066554 0.030852797 0.2269271570 0.0275644348 0.0125850302    0.11710915    0.053346652  0.026666667 0.14175033
4      0.226621735 0.082165490 0.2172029703 0.0515478490 0.0364738008    0.32488017    0.245801664  0.055227273 0.37222959
5      0.115417018 0.024189752 0.0115585219 0.0273759600 0.0203923063    0.11214604    0.094616517  0.039166667 0.17342300
6      0.267691660 0.063335144 0.2386403819 0.0682749847 0.0252111513    0.18917633    0.136825187  0.112297980 0.16667930
7      0.331508003 0.046098135 0.5621905941 0.0555529379 0.0189914792    0.22051875    0.207047796  0.144898990 0.24000758
8      0.510741365 0.164149919 0.3469324611 0.1485181171 0.0857642352    0.24173097    0.216510950  0.078585859 0.24455389
9      0.312763269 0.088176716 0.2594147808 0.0727983791 0.0304969387    0.19995241    0.149743143  0.072727273 0.16317484
10     0.402485257 0.017599131 0.1021702617 0.0281769778 0.0074673421    0.19386749    0.124057440  0.069646465 0.19132411
11     0.258213985 0.173420243 0.1891354314 0.1625123687 0.1275462366    0.16837203    0.192702857  0.102575758 0.28016670
12     0.259477675 0.039290241 0.1374867397 0.0342552891 0.0181323053    0.12934698    0.100399555  0.050353535 0.15010419
13     0.215669756 0.073764259 0.0946340170 0.0732695660 0.0384723141    0.18975422    0.221843362  0.116540404 0.23754499
14     0.106360573 0.105920695 0.1886934229 0.0866041559 0.0488571119    0.19641704    0.047623697  0.001747475 0.07893540
15     0.083192923 0.128879232 0.2242751061 0.1017292560 0.0922267173    0.34629636    0.127962868  0.123914141 0.28395529
16     0.242417860 0.041245700 0.1652669731 0.0691231211 0.0237916466    0.08597070    0.331495779  0.166111111 0.30422428
17     0.153117102 0.072496831 0.1006232320 0.0572492108 0.0394809095    0.11911480    0.096869649  0.042373737 0.24019701
18     0.208087616 0.035669020 0.1304588048 0.0381190218 0.0201868517    0.17323316    0.054540812  0.033560606 0.12263686
19     0.520850885 0.347818215 0.3056046676 0.3320454224 0.2315996698    0.21249618    0.338480488  0.193156566 0.36673612
20     0.310657119 0.032228861 0.1008000354 0.0572963295 0.0157602382    0.17200938    0.167542885  0.025707071 0.15332449
21     0.231465880 0.048379504 0.0895730198 0.0464119116 0.0206537940    0.17649658    0.048457356  0.049949495 0.22447433
22     0.507371525 0.066702879 0.3575406648 0.0660132875 0.0264252014    0.37961043    0.245576351  0.047095960 0.33453306
23     0.340985678 0.097084918 0.3056046676 0.1065353626 0.0354465276    0.26535677    0.143359269  0.050252525 0.21879144
24     0.309814659 0.115661778 0.1564268034 0.0960750130 0.0617073654    0.24791787    0.297398384  0.080909091 0.42773253
25     0.586773378 0.080427304 0.3314621641 0.0605004005 0.0244827213    0.34561648    0.264502659  0.115934343 0.29247964
26     0.330665543 0.060546804 0.0575274045 0.0565424304 0.0309078480    0.10211782    0.138177066  0.044419192 0.17438909
27     0.150379107 0.066449393 0.2238330976 0.0632332846 0.0344005768    0.14178876    0.095067143  0.047272727 0.17741997
28     0.325189553 0.118594967 0.1440505658 0.1291523347 0.0685434014    0.11965870    0.212680626  0.090303030 0.20515249
29     0.448399326 0.026398696 0.1287791726 0.0316637610 0.0098394092    0.14416834    0.243773846  0.126969697 0.16120477
30     0.148483572 0.016983523 0.0557372702 0.0131461151 0.0119873440    0.09113778    0.076966984  0.036641414 0.10388331
31     0.109941028 0.103566902 0.1034962871 0.0852848325 0.0489505004    0.08277527    0.018468171  0.007148990 0.09132411
32     0.225147430 0.045337679 0.2253801273 0.0329830844 0.0244080105    0.19668899    0.073361973  0.058888889 0.16897140
33     0.499789385 0.295998552 0.2441654880 0.2376666824 0.1832244424    0.17177142    0.510694866  0.166439394 0.43777231
    symmetry_se dimension_se radius_worst texture_worst perimeter_worst  area_worst smoothness_worst compactness_worst
1    0.15981877  0.046750411   0.19815012    0.09648188      0.18208078 0.089436689       0.44462788       0.096351059
2    0.38214105  0.083716817   0.14051939    0.29104478      0.13880173 0.058887141       0.33104405       0.217529664
3    0.13083244  0.045023009   0.15937389    0.38432836      0.14701927 0.070340149       0.43406194       0.117307487
4    0.11141442  0.088000774   0.14194237    0.09994670      0.13008616 0.061148250       0.43274120       0.150294457
5    0.12084201  0.030132803   0.29420135    0.09888060      0.26938593 0.155795320       0.27359176       0.142047715
6    0.15193899  0.084442325   0.18285308    0.39872068      0.17939140 0.082407589       0.35481741       0.161451815
7    0.09846907  0.132775037   0.16186411    0.67004264      0.15872304 0.071028313       0.38717559       0.217723705
8    0.17023133  0.124759891   0.40092494    0.79504264      0.38891379 0.237858828       1.00000000       0.478902892
9    0.27041707  0.088311706   0.12842405    0.30090618      0.11858160 0.053480142       0.33500627       0.117695569
10   0.21947993  0.069863052   0.14194237    0.21002132      0.14617262 0.062622886       0.46642013       0.187938411
11   0.04626555  0.097846966   0.56670224    0.49946695      0.56173116 0.387042863       0.49679720       0.322505845
12   0.14222998  0.054903749   0.20135183    0.35181237      0.18023806 0.093147857       0.33368553       0.146995760
13   0.10874092  0.080676589   0.24439701    0.35820896      0.25145675 0.123844868       0.42217526       0.317848861
14   0.19724771  0.072385059   0.22411953    0.27265458      0.19836645 0.107869642       0.20425279       0.033588497
15   0.11999775  0.031514724   0.48061188    0.50479744      0.44519149 0.303725914       0.53906095       0.152525929
16   0.11957562  0.121305087   0.26858769    0.40644989      0.27635838 0.134757177       0.20755465       0.281175112
17   0.12393764  0.049583351   0.34044824    0.19269723      0.31819314 0.181281950       0.33764776       0.162616061
18   0.17853324  0.030720119   0.20562078    0.24200426      0.19069675 0.095654738       0.44396751       0.091111952
19   0.27407553  0.173887208   0.56029883    0.46401919      0.53981772 0.371313409       0.41953378       0.302519622
20   0.26366297  0.112218952   0.19245820    0.15431770      0.20404403 0.088478175       0.47236347       0.224321099
21   0.15601959  0.026816191   0.18071861    0.24973348      0.16938095 0.082653362       0.40368487       0.074424426
22   0.10860021  0.170294211   0.17965137    0.53757996      0.17784750 0.074346245       0.69755002       0.288936752
23   0.18162886  0.062400674   0.15901814    0.36140725      0.16111360 0.070585922       0.43009972       0.133024808
24   0.22018349  0.141273855   0.29099964    0.16817697      0.27635838 0.141909162       0.44528825       0.253233208
25   0.21089661  0.203736716   0.11490573    0.28598081      0.11061308 0.046500197       0.38849633       0.172318111
26   0.06075871  0.077221785   0.30736393    0.23560768      0.29827183 0.154148643       0.46179753       0.317169718
27   0.15419035  0.031860205   0.25506937    0.37100213      0.23497186 0.126376327       0.41425081       0.143406002
28   0.13786796  0.071590454   0.43898968    0.65804904      0.49250461 0.266368462       0.61368289       0.566318363
29   0.13533517  0.108349571   0.10032017    0.29450959      0.10379003 0.041388124       0.34425147       0.304945135
30   0.07074914  0.040739052   0.24190679    0.25799574      0.21589721 0.117553087       0.33104405       0.136129464
31   0.08918219  0.047614112   0.24190679    0.14339019      0.21689327 0.119740464       0.20095093       0.030250992
32   0.12084201  0.059913215   0.23336891    0.56902985      0.20733104 0.115119937       0.46708050       0.121285328
33   0.12450048  0.359479292   0.48523657    0.44909382      0.46411674 0.307658278       0.32708182       0.437766200
    concavity_worst points_worst symmetry_worst dimension_worst
1       0.099201278   0.32271478    0.248767987     0.083103765
2       0.153035144   0.27237113    0.271042775     0.136626000
3       0.085223642   0.25536082    0.282475853     0.155909747
4       0.069241214   0.29591065    0.105854524     0.083956448
5       0.108785942   0.28103093    0.181746501     0.082775810
6       0.204472843   0.22900344    0.289769367     0.182342910
7       0.289936102   0.33171821    0.107825744     0.211727666
8       0.371086262   0.69175258    0.565148827     0.351305260
9       0.063793930   0.11006873    0.248570865     0.134330316
10      0.183626198   0.36941581    0.342203824     0.234553325
11      0.413658147   0.72611684    0.180366647     0.229240457
12      0.155191693   0.28216495    0.305144885     0.172373081
13      0.359744409   0.40584192    0.196727774     0.175127902
14      0.001473642   0.03817869    0.172284644     0.051488915
15      0.317651757   0.50378007    0.143504829     0.038501902
16      0.292492013   0.37972509    0.136605559     0.163977437
17      0.136501597   0.47216495    0.228267297     0.102781057
18      0.081469649   0.19250859    0.221368027     0.090777909
19      0.393929712   0.66082474    0.340823970     0.260068215
20      0.079193291   0.28134021    0.375320323     0.245113472
21      0.121485623   0.37766323    0.198501873     0.104486423
22      0.111421725   0.44948454    0.244037059     0.292929293
23      0.112779553   0.27103093    0.135225705     0.146136692
24      0.156549521   0.48900344    0.202050069     0.149219467
25      0.103434505   0.21085911    0.161245811     0.231011413
26      0.221964856   0.47525773    0.201852947     0.314574315
27      0.110303514   0.27185567    0.219396807     0.072084481
28      0.505990415   0.69553265    0.485314410     0.286763741
29      0.346725240   0.27903780    0.279321900     0.283418602
30      0.108945687   0.24010309    0.231815494     0.136298045
31      0.014568690   0.12137457    0.106840134     0.070575889
32      0.173881789   0.32065292    0.249162231     0.168109668
33      0.412539936   0.68591065    0.145081806     0.441820805
 [ reached getOption("max.print") -- omitted 536 rows ]
> summary(wbcd$area_mean)
   Min. 1st Qu.  Median    Mean 3rd Qu.    Max. 
  143.5   420.3   551.1   654.9   782.7  2501.0 
> wbcd_train <- wbcd_n[1:469,]
> wbcd_train <- wbcd_n[1:469,1]
> wbcd_test <- wbcd_n[470:569,1]
> libcurlVersion()
[1] "7.47.0"
attr(,"ssl_version")
[1] "OpenSSL/1.0.2g"
attr(,"libssh_version")
[1] ""
attr(,"protocols")
 [1] "dict"   "file"   "ftp"    "ftps"   "gopher" "http"   "https"  "imap"   "imaps"  "ldap"   "ldaps"  "pop3"   "pop3s"  "rtmp"  
[15] "rtsp"   "smb"    "smbs"   "smtp"   "smtps"  "telnet" "tftp"  
> library(class)
> wbcd_test_pred <- knn(train=wbcd_test)
Error in knn(train = wbcd_test) : 
  argument "test" is missing, with no default
> wbcd_train_labels <- wbcd[1:469, 1]
> wbcd_test_labels <- wbcd[470:569, 1]
> wbcd_test_pred <- knn(train=wbcd_test,test = wbcd_test,c1=wbcd_train_labels,k=21)
Error in knn(train = wbcd_test, test = wbcd_test, c1 = wbcd_train_labels,  : 
  unused argument (c1 = wbcd_train_labels)
> wbcd_test_pred <- knn(train=wbcd_test,test = wbcd_test,cl=wbcd_train_labels,k=21)
Error in knn(train = wbcd_test, test = wbcd_test, cl = wbcd_train_labels,  : 
  'train' and 'class' have different lengths
> wbcd_train <- wbcd_n[1:469, ]
> wbcd_test <- wbcd_n[470:569, ]
> 
> wbcd_train_labels <- wbcd[1:469, 1]
> wbcd_test_labels <- wbcd[470:569, 1]
> 
> wbcd_test_pred <- knn(train=wbcd_test,test = wbcd_test,cl=wbcd_train_labels,k=21)
Error in knn(train = wbcd_test, test = wbcd_test, cl = wbcd_train_labels,  : 
  'train' and 'class' have different lengths
> wbcd_train <- wbcd_n[1:469, ]
> wbcd_test <- wbcd_n[470:569, ]
> 
> wbcd_train_labels <- wbcd[1:469, 1]
> wbcd_test_labels <- wbcd[470:569, 1]
> 
> wbcd_test_pred <- knn(train=wbcd_train,test = wbcd_test,cl=wbcd_train_labels,k=21)
> library(gmodels)
> CrossTable(x=wbcd_test_labels,y=wbcd_test_pred,prop.chisq = FALSE)

 
   Cell Contents
|-------------------------|
|                       N |
|           N / Row Total |
|           N / Col Total |
|         N / Table Total |
|-------------------------|

 
Total Observations in Table:  100 

 
                 | wbcd_test_pred 
wbcd_test_labels |    Benign | Malignant | Row Total | 
-----------------|-----------|-----------|-----------|
          Benign |        61 |         0 |        61 | 
                 |     1.000 |     0.000 |     0.610 | 
                 |     0.968 |     0.000 |           | 
                 |     0.610 |     0.000 |           | 
-----------------|-----------|-----------|-----------|
       Malignant |         2 |        37 |        39 | 
                 |     0.051 |     0.949 |     0.390 | 
                 |     0.032 |     1.000 |           | 
                 |     0.020 |     0.370 |           | 
-----------------|-----------|-----------|-----------|
    Column Total |        63 |        37 |       100 | 
                 |     0.630 |     0.370 |           | 
-----------------|-----------|-----------|-----------|

 
> wbcd_test_pred <- knn(train = wbcd_train, test = wbcd_test, cl = wbcd_train_labels, k=1)
> CrossTable(x = wbcd_test_labels, y = wbcd_test_pred, prop.chisq=FALSE)

 
   Cell Contents
|-------------------------|
|                       N |
|           N / Row Total |
|           N / Col Total |
|         N / Table Total |
|-------------------------|

 
Total Observations in Table:  100 

 
                 | wbcd_test_pred 
wbcd_test_labels |    Benign | Malignant | Row Total | 
-----------------|-----------|-----------|-----------|
          Benign |        58 |         3 |        61 | 
                 |     0.951 |     0.049 |     0.610 | 
                 |     0.983 |     0.073 |           | 
                 |     0.580 |     0.030 |           | 
-----------------|-----------|-----------|-----------|
       Malignant |         1 |        38 |        39 | 
                 |     0.026 |     0.974 |     0.390 | 
                 |     0.017 |     0.927 |           | 
                 |     0.010 |     0.380 |           | 
-----------------|-----------|-----------|-----------|
    Column Total |        59 |        41 |       100 | 
                 |     0.590 |     0.410 |           | 
-----------------|-----------|-----------|-----------|

 
> 
> wbcd_test_pred <- knn(train = wbcd_train, test = wbcd_test, cl = wbcd_train_labels, k=5)
> CrossTable(x = wbcd_test_labels, y = wbcd_test_pred, prop.chisq=FALSE)

 
   Cell Contents
|-------------------------|
|                       N |
|           N / Row Total |
|           N / Col Total |
|         N / Table Total |
|-------------------------|

 
Total Observations in Table:  100 

 
                 | wbcd_test_pred 
wbcd_test_labels |    Benign | Malignant | Row Total | 
-----------------|-----------|-----------|-----------|
          Benign |        61 |         0 |        61 | 
                 |     1.000 |     0.000 |     0.610 | 
                 |     0.968 |     0.000 |           | 
                 |     0.610 |     0.000 |           | 
-----------------|-----------|-----------|-----------|
       Malignant |         2 |        37 |        39 | 
                 |     0.051 |     0.949 |     0.390 | 
                 |     0.032 |     1.000 |           | 
                 |     0.020 |     0.370 |           | 
-----------------|-----------|-----------|-----------|
    Column Total |        63 |        37 |       100 | 
                 |     0.630 |     0.370 |           | 
-----------------|-----------|-----------|-----------|

 
> 
> wbcd_test_pred <- knn(train = wbcd_train, test = wbcd_test, cl = wbcd_train_labels, k=11)
> CrossTable(x = wbcd_test_labels, y = wbcd_test_pred, prop.chisq=FALSE)

 
   Cell Contents
|-------------------------|
|                       N |
|           N / Row Total |
|           N / Col Total |
|         N / Table Total |
|-------------------------|

 
Total Observations in Table:  100 

 
                 | wbcd_test_pred 
wbcd_test_labels |    Benign | Malignant | Row Total | 
-----------------|-----------|-----------|-----------|
          Benign |        61 |         0 |        61 | 
                 |     1.000 |     0.000 |     0.610 | 
                 |     0.953 |     0.000 |           | 
                 |     0.610 |     0.000 |           | 
-----------------|-----------|-----------|-----------|
       Malignant |         3 |        36 |        39 | 
                 |     0.077 |     0.923 |     0.390 | 
                 |     0.047 |     1.000 |           | 
                 |     0.030 |     0.360 |           | 
-----------------|-----------|-----------|-----------|
    Column Total |        64 |        36 |       100 | 
                 |     0.640 |     0.360 |           | 
-----------------|-----------|-----------|-----------|

 
> 
> wbcd_test_pred <- knn(train = wbcd_train, test = wbcd_test, cl = wbcd_train_labels, k=15)
> CrossTable(x = wbcd_test_labels, y = wbcd_test_pred, prop.chisq=FALSE)

 
   Cell Contents
|-------------------------|
|                       N |
|           N / Row Total |
|           N / Col Total |
|         N / Table Total |
|-------------------------|

 
Total Observations in Table:  100 

 
                 | wbcd_test_pred 
wbcd_test_labels |    Benign | Malignant | Row Total | 
-----------------|-----------|-----------|-----------|
          Benign |        61 |         0 |        61 | 
                 |     1.000 |     0.000 |     0.610 | 
                 |     0.953 |     0.000 |           | 
                 |     0.610 |     0.000 |           | 
-----------------|-----------|-----------|-----------|
       Malignant |         3 |        36 |        39 | 
                 |     0.077 |     0.923 |     0.390 | 
                 |     0.047 |     1.000 |           | 
                 |     0.030 |     0.360 |           | 
-----------------|-----------|-----------|-----------|
    Column Total |        64 |        36 |       100 | 
                 |     0.640 |     0.360 |           | 
-----------------|-----------|-----------|-----------|

 
> 
> wbcd_test_pred <- knn(train = wbcd_train, test = wbcd_test, cl = wbcd_train_labels, k=21)
> CrossTable(x = wbcd_test_labels, y = wbcd_test_pred, prop.chisq=FALSE)

 
   Cell Contents
|-------------------------|
|                       N |
|           N / Row Total |
|           N / Col Total |
|         N / Table Total |
|-------------------------|

 
Total Observations in Table:  100 

 
                 | wbcd_test_pred 
wbcd_test_labels |    Benign | Malignant | Row Total | 
-----------------|-----------|-----------|-----------|
          Benign |        61 |         0 |        61 | 
                 |     1.000 |     0.000 |     0.610 | 
                 |     0.968 |     0.000 |           | 
                 |     0.610 |     0.000 |           | 
-----------------|-----------|-----------|-----------|
       Malignant |         2 |        37 |        39 | 
                 |     0.051 |     0.949 |     0.390 | 
                 |     0.032 |     1.000 |           | 
                 |     0.020 |     0.370 |           | 
-----------------|-----------|-----------|-----------|
    Column Total |        63 |        37 |       100 | 
                 |     0.630 |     0.370 |           | 
-----------------|-----------|-----------|-----------|

 
> 
> wbcd_test_pred <- knn(train = wbcd_train, test = wbcd_test, cl = wbcd_train_labels, k=27)
> CrossTable(x = wbcd_test_labels, y = wbcd_test_pred, prop.chisq=FALSE)

 
   Cell Contents
|-------------------------|
|                       N |
|           N / Row Total |
|           N / Col Total |
|         N / Table Total |
|-------------------------|

 
Total Observations in Table:  100 

 
                 | wbcd_test_pred 
wbcd_test_labels |    Benign | Malignant | Row Total | 
-----------------|-----------|-----------|-----------|
          Benign |        61 |         0 |        61 | 
                 |     1.000 |     0.000 |     0.610 | 
                 |     0.938 |     0.000 |           | 
                 |     0.610 |     0.000 |           | 
-----------------|-----------|-----------|-----------|
       Malignant |         4 |        35 |        39 | 
                 |     0.103 |     0.897 |     0.390 | 
                 |     0.062 |     1.000 |           | 
                 |     0.040 |     0.350 |           | 
-----------------|-----------|-----------|-----------|
    Column Total |        65 |        35 |       100 | 
                 |     0.650 |     0.350 |           | 
-----------------|-----------|-----------|-----------|
